---
":history": |
  IGITSH-HISTORY(1)

  NAME
        :history

  DESCRIPTION
        Browse your Igitsh shell history with syntax
        highlighting.

  OPTIONS
        --list
              Browse your Igitsh shell history from newest to
              oldest.
        --help
              Show this help page.
":exit": |
  IGITSH-EXIT(1)

  NAME
        :exit

  DESCRIPTION
        Gracefully exit the program. This is equivalent
        to ctrl-c or ctrl-d.

  OPTIONS
        *
              Exit the program.
        --help
              Show this help page.
":alias": |
  IGITSH-ALIAS(1)

  NAME
        :alias

  DESCRIPTION
        Create local and global Git aliases for common
        command combinations.

        Internal Git aliasing logic is reused here so
        that aliases are available outside of Igitsh
        once defined.

  OPTIONS
        --global <name> <command>
              Set or unset a global alias for the current
              user.
        --list
              List all local and global aliases.
        --local <name> <command>
              Set or unset a local alias for the current repo.
        --help
              Show this help page.
