---
- :line: git grep 'Github::API';
  :commands:
  - !ruby/array:Igitsh::Parser::Group::End
    - git
    - grep
    - Github::API
- :line: 'diff head   ;  '
  :commands:
  - !ruby/array:Igitsh::Parser::Group::End
    - diff
    - head
- :line: 'git commit --amend;  '
  :commands:
  - !ruby/array:Igitsh::Parser::Group::End
    - git
    - commit
    - "--amend"
