---
- :line: add --all; commit -m "tmp"
  :commands:
  - !ruby/array:Igitsh::Parser::Group::End
    - add
    - "--all"
  - !ruby/array:Igitsh::Parser::Group::End
    - commit
    - "-m"
    - tmp
- :line: add --all || commit -m "tmp"
  :commands:
  - !ruby/array:Igitsh::Parser::Group::End
    - add
    - "--all"
  - !ruby/array:Igitsh::Parser::Group::Or
    - commit
    - "-m"
    - tmp
- :line: add --all && commit -m "tmp"
  :commands:
  - !ruby/array:Igitsh::Parser::Group::End
    - add
    - "--all"
  - !ruby/array:Igitsh::Parser::Group::And
    - commit
    - "-m"
    - tmp
