---
- :line: 'grep   " type : Tokenizer"'
  :tokens: !ruby/object:Igitsh::TokenZipper
    source: 'grep   " type : Tokenizer"'
    tokens:
    - !ruby/object:Igitsh::Token::String
      source: 'grep   " type : Tokenizer"'
      start_position: 0
      end_position: 4
    - !ruby/object:Igitsh::Token::String
      source: 'grep   " type : Tokenizer"'
      start_position: 7
      end_position: 26
    index: 0
- :line: log   --grep   "'exit' or 'quit'"
  :tokens: !ruby/object:Igitsh::TokenZipper
    source: log   --grep   "'exit' or 'quit'"
    tokens:
    - !ruby/object:Igitsh::Token::String
      source: log   --grep   "'exit' or 'quit'"
      start_position: 0
      end_position: 3
    - !ruby/object:Igitsh::Token::String
      source: log   --grep   "'exit' or 'quit'"
      start_position: 6
      end_position: 12
    - !ruby/object:Igitsh::Token::String
      source: log   --grep   "'exit' or 'quit'"
      start_position: 15
      end_position: 33
    index: 0
- :line: '  add -- "*.js"'
  :tokens: !ruby/object:Igitsh::TokenZipper
    source: '  add -- "*.js"'
    tokens:
    - !ruby/object:Igitsh::Token::String
      source: '  add -- "*.js"'
      start_position: 2
      end_position: 5
    - !ruby/object:Igitsh::Token::EndOfOptions
      source: '  add -- "*.js"'
      start_position: 6
      end_position: 8
    - !ruby/object:Igitsh::Token::String
      source: '  add -- "*.js"'
      start_position: 9
      end_position: 15
    index: 0
- :line: log --author="One Punch Man"
  :tokens: !ruby/object:Igitsh::TokenZipper
    source: log --author="One Punch Man"
    tokens:
    - !ruby/object:Igitsh::Token::String
      source: log --author="One Punch Man"
      start_position: 0
      end_position: 3
    - !ruby/object:Igitsh::Token::String
      source: log --author="One Punch Man"
      start_position: 4
      end_position: 13
    - !ruby/object:Igitsh::Token::String
      source: log --author="One Punch Man"
      start_position: 13
      end_position: 28
    index: 0
- :line: commit -m "Quote \" of all time"
  :tokens: !ruby/object:Igitsh::TokenZipper
    source: commit -m "Quote \" of all time"
    tokens:
    - !ruby/object:Igitsh::Token::String
      source: commit -m "Quote \" of all time"
      start_position: 0
      end_position: 6
    - !ruby/object:Igitsh::Token::String
      source: commit -m "Quote \" of all time"
      start_position: 7
      end_position: 9
    - !ruby/object:Igitsh::Token::String
      source: commit -m "Quote \" of all time"
      start_position: 10
      end_position: 32
    index: 0
